[40m[2J[2H[2C[0;1;40mษอออออออออออออออออออออออออออออออออออออออออออออออออออออออออออออออออออออออออออป[3H  บ ฿Û฿[71Cบ[4H  บ  Û hou art formally invited to join with us at this fair[18Cบ[5H  บ    telecommunications outpost. Thine presence wouldst[s
[u[21Cบ[6H  บ    greatly please us. We are a noble race of people who[19Cบ[7H  บ    study the great Book of Knowledge and Understanding[20Cบ[8H  บ    to fight the Dark Man and his evil followers.[26Cบ[9H  บ    We meet at a place in this land c[s
[ualled:[32Cบ[10H  บ[12CÜÜÜÜ[7CÜÜÜÜÜ[47Cบ[11H  บ[12CÛ[10CÛ   Û[45C| บ[12H  บ[12CÛ   RELL'S Û฿฿฿Ü EALM[32C____    | บ[13H  บ[12C฿฿฿฿[7C฿   ฿[37C\__/    | บ[14H  บ[34CWhich doth reside within:    __(`')__  | บ[15H  บ[21Cฺฤฤฤฤฤฤฤฤฤฟ[s
[u[30C( /    \ )(_)บ[16H  บ    Û   Û[12Cณ Û฿฿Ü฿฿Û ณ[30CI \____/ I[ ]บ[17H  บ[5C฿Û฿[13Cณ Û  Û  Û ณ[31C\/    \ \(| บ[18H  บ[6CÛ E  Û฿฿Û[6Cณ Û  Û  Û ณ Û Û฿฿฿ ฿฿Û฿฿[19C\    /   | บ[19H  บ[11CÛ  Û[6Cณ Û ฿฿฿ Û ณ Û ÛÜÜÜ   Û[22C|  |    | บ
[20H  บ[11CÛÜÜÛ LDE  ณ Û[5CÛ ณ Û    Û   Û[22C|  |    | บ[21H  บ[21Cณ฿฿฿   ฿฿฿ณ ฿ ฿฿฿฿   ฿[21C/_/__\   | บ[22H  บ[21Cภฤฤฤฤฤฤฤฤฤู[43Cบ[23H  ศอออออออออออออออออออออออออออออออออออออออออออออออออออออออออออออออออออออออออออผ[0m
