[2J[;3H[0;1;34;40mкФФФП[2;3HГ[37mTHE[34mГ[3;3HРФФФй[B[0;31mллллл[Cллллл[Cллллл[Cлл[Cлл[Cллллл[Cллллл[Cллллл[Cллллл[Cллллл[Cлл[Cлл[Cллллл[5;8Hл[1;33mл[2C[0;31mо[Cл[1;33mл[2C[0;31mо[Cл[1;33mл[2C[0;31mо[Cл[1;33mл[2C[s
[u[0;31mо[Cл[1;33mл[2C[0;31mо[Cл[1;33mл[2C[0;31mо[Cл[1;33mл[6C[0;31mл[1;33mл[2C[0;31mл[1;33mл[2C[0;31mо[Cл[1;33mл[2C[0;31mо[Cл[1;33mл[2C[0;31mо[6;8Hл[1;33mл[4C[0;31mл[1;33mл[2C[0;31mо[Cл[1;33mл[C[0;31mл[2Cл[s
[u[1;33mл[0;31mлмо[Cл[1;33mл[0;31mл[3Cл[1;33mл[C[0;31mл[2Cппппл[3Cл[1;33mл[2C[0;31mл[1;33mл[2C[0;31mо[Cл[1;33mл[0;31mлмо[Cл[1;33mл[0;31mл[7;8Hл[1;33mл[2C[0;31mо[Cл[1;33mл[2C[0;31mо[Cл[1;33mл[2C[0;31mо[Cл[1;33mл[C[s
[u[0;31mпо[Cл[1;33mл[2C[0;31mо[Cл[1;33mл[2C[0;31mо[Cл[1;33mл[2C[0;31mо[3Cл[1;33mл[2C[0;31mл[1;33mл[2C[0;31mо[Cл[1;33mл[C[0;31mпо[Cл[1;33mл[2C[0;31mо[8;8Hллллл[Cллллл[Cлл[2Cл[Cлл[Cлл[Cллллл[Cлл[2Cл[Cллллл[3Cлл[2C[s
[uллллл[Cлл[Cлл[Cллллл[B[1;34mкФФФП[10;73HГ[37mBBS[34mГ[11;8H[36mЩЭЭЭЭЭЭЭЭЭЭЭЭЭЭЭЭЭЭЭЭЭЭЭЭЭЭЭЭЭЭЭЭЭЭЭЭЭЭЭЭЭЭЭЭЭЭЭЭЭЭЭЭЭЭЭЭЭЭЭЭЭЭЭЛ[34mРФФФй[12;8H[36mК[C[35mллллллллл[43Cллллллллл[C[36mК[13;8HК[C[35mл[7Cл[5C[0;32mServing[CThe[s
[u[CWashington[CMetro[CArea[5C[1;35mл[7Cл[C[36mК[14;8HК[C[35mл[Cллллллл[43Cллллллл[Cл[C[36mК[15;8HК[C[35mл[20C[0;32mOpen[C24[CHours[CDaily[20C[1;35mл[C[36mК[16;8HК[C[35mл[Cллллллллллл[35Cллллллллллл[Cл[C[36mК[17;8H[s
[uК[C[35mл[11Cл[5C[0;32mSupporting[C300/1200/2400[6C[1;35mл[11Cл[C[36mК[18;8HК[C[35mл[Cллллллллллл[35Cллллллллллл[Cл[C[36mК[19;8HК[C[35mл[23C[0;32m703-971-4438[24C[1;35mл[C[36mК[20;8HК[C[35mл[Cллллллллллллллл[27Cлллллл[s
[uллллллллл[Cл[C[36mК[21;8HК[C[35mл[15Cл[4C[0;32mSysop:[CThe[CMaestro[5C[1;35mл[15Cл[C[36mК[22;8HК[C[35mллллллллллллллллл[27Cллллллллллллллллл[C[36mК[23H[30mлллл[3C[36mШЭЭЭЭЭЭЭЭЭЭЭЭЭЭЭЭЭЭЭЭЭЭЭЭЭЭЭЭЭЭЭЭЭЭЭЭЭЭЭЭЭЭЭЭЭЭЭЭЭЭЭЭЭЭЭЭ[s
[uЭЭЭЭЭЭЭМ[72D[30mллллл[1Dл[1Dл[2Dл[1Dл[1Dл[4Dл[1Dл[1Dл[1Dл[1Dл[1Dл[1Dл[1Dл[1Dл[1Dл[1Dл[1Dл[1Dл[1Dл[1Dл[1Dл[1Dл[1Dл[1Dл[1Dл[1Dл[1Dл[1Dл[1Dл[1Dл[1Dл[1Dл[1Dл[1Dл[1Dл[1Dл[1Dл[1Dл[1Dл[1Dл[1Dл[1Dл[1Dл[1Dл[1Dл[s
[u[1Dл[1Dл[1Dл[1Dл[1Dл[1Dл[1Dл[1Dл[1Dл[1Dл[1Dл[1Dл[1Dл[1Dл[1Dл[1Dл[1Dл[1Dл[1Dл[1Dл[1Dл[1Dл[1Dл[1Dл[1Dл[1Dл[1Dл[1Dл[1Dл[1Dл[1Dл[1Dл[1Dл[1Dл[1Dл[1Dл[1Dл[1Dл[1Dл[1Dл[1Dл[1Dл[1Dл[1Dл[1Dл[1Dл[1Dл[1Dл[1Dл[1D[s
[uл[1Dл[1Dл[1Dл[0m
