[2J[2H[6C[0;1;36;40mSpecial Featured Keys : P,^S:Pause - N,Spc:Next - ^C,^X,S:Stop[3H  ณ   ___[57C___   ณ[4H  ณ   \_/[6C[32mษอออออออออออออออออออออออออออออออออออออออออออป[6C[36m\_/   ณ[5H  ณ  _(-)_     [32mบ[35;44m      G E N E S I S [40m[s
[u[44m  D O M A I N          [32;40mบ     [36m_(-)_  ณ[6H ( )(/ : \)    [32mบ[35;44m ฤฤฤฤฤฤฤฤฤ Home of Genesis PC ฤฤฤฤฤฤฤฤฤฤฤ  [32;40mบ    [36m(/ : \)(_)[7H [_]I\___/I    [32mฬอออออออออออออออออออออออออออออออออออออออออออน    [36mI\___/I[ ]
[8H  ณ)//   \/    [32mบ[35;44m    Genesis PC Package for only $39.95     [32;40mบ    [36m\/   \\(ณ[9H  ณ  \ : /     [32mฬอออออออออออออออออออออออออออออออออออออออออออน     [36m\ : /  ณ[10H  ณ   ณ:ณ[6C[32mบ[34;44m            [35m System [40m[s
[u[44mOperators:             [32;40mบ[6C[36mณ:ณ   ณ[11H  ณ   ณ:ณ[6C[32mบ[35;44mKiriwuth Path, Kiririth Path, and Jim Berg [32;40mบ[6C[36mณ:ณ   ณ[12H  ณ  /_\_\     [32mศอออออออออออออออออออออออออออออออออออออออออออผ     [36m/_/_\  ณ[13H
[14H[23C[ Press A Key To Continue ][15H[16H[17H[18H[19H[20H[21H[22H[23H[0m
