[40m[2J[0;1;35;40mWelcome to the ...[2H[11C[0;33mФФФФП    лллллллл    лллл[3Hпплллллллллллллллл ллллл[1;37;43mммм[0;33;40mллллллллллл[4H   лллллл     лллллл [1;37mлллллллл [0;33mлллллллллллл   ГГ     лллллллппп[5H  кФФлллллл  лллллл [s
[u[1;37mлллллллллл [0;33mллллллллллллллллллллллллФФ[6H  Г[6Cллллллллл [1;37mлллллллллллл ллл [0;33mлллллл   ллллллП[7H[7CФФФФФйлллл [1;37mллллл лллллллнлллл [0;33mлллллллллФФ   Г[8H[10CФФФллл [1;37mлллллллллллллнлллллл [0;33mллФФФФФФ[9H[s
[u[8CФФФФФФллл [1;37mлллллллллллнлллмлллл [0;33mллФФФ[10H[15Cллл [1;37mлллллллл[0;31mлллл[1;37mлллллл [0;33mллФФФФФФ[11H[13Cлллллллллллллл[31mлллл[33mлллллллллллллФФФФ[12H[6Cппппллллллллллллллллллнлллллллллллллллллппппп[13H   мммммммлл[s
[uллллллллллллллллнлллллллллллллллллл[14H[12Cллллллллллллллллнлллллллллллллллммммммммм[15H[7Cпппппппллллллллллллллнлллллллллллллммм[16H[16Cлллллллн[31mллллолллл[33mоллллмммммммммм [1;35mжФЗ[16C.[17H[13C[0;33mллллллллл  [31mллллолллл[16C[s
[u[1;35mК З жЗ ФЗ жЗ жЗ Зж ж жЗ жЗ[18H[11C[0;33mлллллллллл    [31mпллолл[18C[1;35mК К К  жЖ КК ЧН КК К КК ЧН[19H[9C[43m [0;33;40mллллллллл[30C[1;35mгФН а  гН ЧН гФ гН Н Нг гФ[20H[8C[0;33mлллллллллл[41C[1;35mа 203-426-5589[21H[6C[s
[u[0;33mлллллл[43m   [40mлл[8C[1;35mSysop - Allick Frippin[22H     [0;33mллллллллллл[10C[1;35mOPUS 1.03a - 141/998[23H[0m
