[0;37m[1;36;44m BROUGHT TO YOU  [0;37m                    [1m*
[36;44m      BY         [0;37m       [36m*[31m[41C*
[1;36;44m  Gary Smith     [0;37m                                 [31m*
[36m[41C*
[37m[28CÚÄÄÄÄÄÄÄÄÄÄÄÄ¿[1m[17C*
[0;37m[28C³[1mTHE MONOLITH[0;37m³
[28C³[12C³[36m[25C*
[37m[28C³[12C³
[31m[11C*[37m[16C³[12C³
[28C³[12C³[1m[6C*
[0;31m[6C*[36m[6C*[1;37m[11C*[0;37m  ³[12C³
[28C³[12C³[19C/\
[28C³[12C³[31m[16C*[37m /  \
[1m    *[0;37m[18C/\   ³[12C³[36m[8C*[37m[8C/    \[1m   *
[0;37m[22C/  \  ³[12C³[16C/[6C\
[36m[17C*[37m   /    \ ³[12C³[15C/[8C\
[31m[12C*[37m  /ÄÄÄÄ/[6C\³[12C³[12C/\/[10C\
   /\[9C/[13C³[5C/\[5C³[11C/[14C\  /\
ÄÄ/ÄÄ\ÄÄÄÄ/\Ä/ÄÄÄÄÄÄÄÄÄÄÄÄÄÄ³ÄÄÄÄ/ÄÄ\ÄÄÄÄ³ÄÄÄÄÄÄÄÄ/\/ÄÄÄÄÄÄÄÄÄÄÄÄÄÄÄÄ\/ÄÄ\ÄÄÄ
 /    \/\/  \[6C/\  _  /\³   /    \   ³/\[5C/[24C\
    /\/[6C\    /  \/ \/  \/\/[6C\  /  \/\ /[9C/\[15C\
   /[10C\/\/[21C\/[16C/  \[15C\
[0;5;1;33;42m                  <<<  PRESS ANY KEY TO CONTINUE  >>>                          [0;37;40m
