[2J[0;1;37;44m                                                                                                €€€€  €€€€  €€€€€€€€  €€€€  €€€€        ‹‹                                       €€€€  €€   €€    €€   €€€€  €€  ‹‹‹‹‹‹ ﬂﬂ             [40m[s
[u[44m                          €€ €€ €€   €€€€€€€€   €€ €€ €€  €€ﬂﬂﬂﬂ €€                                       €€  €€€€   €€    €€   €€  €€€€  €€     €€                                      €€€€  €€€€ €€€€  €€€€ €€€€  €€€€ €€€€€€ €€            [40m[s
[u[44m                                                                                                        …Õª    ‹‹‹         ‹‹““ÿ‹–‹     [5;37mÕÕÕÕÕ[0;1;37;44mÀ[5;37mÕÕÕÕÕÕ[0;1;37;44m                                  €€€€€€€€€€€[5;37m[40m[s
[u[44m[0;1;37;44m      €€€€€€€€        ∞∞ﬁ€‹‹‹‹‹[5;37m*[0;1;37;44m                                    [5;37mô[0;1;37;44m  [5;37mô[0;1;37;44m               €€€€€€         ﬂﬂﬂﬂﬂﬂ                 ≥           €€˛€€€€€€€€€€€€€€€€€€€€€€€€€€€[40m[s
[u[44m€€€€€€€€€€€€€€€€€€€€€€€€€€€€€€€€€€€€€€€€€          ≤≤≤≤≤≤≤≤≤≤≤≤≤≤≤≤≤≤≤≤≤≤≤≤≤≤≤≤≤≤≤≤≤≤≤≤≤≤≤≤≤≤≤≤≤≤≤≤≤≤≤≤≤≤≤≤≤≤≤≤≤≤≤≤≤≤≤≤≤≤           ≤≤≤≤≤≤≤≤≤≤≤≤≤≤≤≤≤≤≤≤≤≤≤≤≤≤≤≤≤≤≤≤≤≤≤≤≤≤≤≤≤≤≤≤≤≤≤≤≤≤≤≤≤≤≤≤≤≤≤≤≤≤≤≤≤≤≤≤≤      [D [D [D [D [D [D[40m[s
[u[44m [D [D [D [D [D [D [D [D [D [D [D [D [D [D [D [D [D [D [D [D [D [D [D [D [D [D [D [D [D [D [D [D [D                                         [6C[40mWelcome Aboard NANci... Naval[s
[u Aviation News' computer information[16H[27CELECTRONIC MAGAZINE[17H[6COn Line Day & Night     7 Days/Week   (C) 202-475-1973 (A) 288-1973[18H[6CSupported by: Naval Aviation News Magazine, Bldg 159E, Navy Yard Annex[19H[20CWashington, DC 2037[s
[u4    (202) 433-4407 (A)288-4407[20H[6CSYSOP:  Commander Howard Wheeler, USN[21H[6CNANci is a member of CASA, Capital Area SYSOP Association[22H[6C [D  [DS\opus\misc\ansiart[23H[0m
