[40m[2J[0;1;34;40mWelcome[Cto[C...[B[0;33m‹‹‹‹‹[3;11H‹‹€€€€€€€€‹‹[4;7H‹‹€€€€≤€€€€€€€€€€€‹[5;5H‹€€€€€€€€€€∞€€≤€€€€€€€€‹[6;3H‹€€€€€∞€€[1;37;43m€[0;33;40m€€€€€€€€€€≤€€€€€€‹[7C[1;34m203-791-8838[6CNode[C141/740[7;2H[0;33m€€€≤€€€€€€€€€±€€[s
[u€€€€€[1;37;43m€€[0;33;40m€€€€€≤€[8;3Hﬂ€€€€€€€€€€€€€[1;34m∞±€€€€€€€€[0;33m€€€€[1;34m∞±€€€€€€[5C∞±€€€€€€[3C∞±€€[2C∞±€€[C∞±€€[5C∞±€€[9;4H[0;33m‹€€€≤€€€€[1;37;43m€[0;33;40m€€[1;34m∞±€€[0;33m€€€€[1;34m∞±€€[0;33m€€[1;34m∞±€€[2C∞±€€[s
[u[3C∞±€€[2C∞±€€[2C∞±€€[C∞±€€[3C∞±€€[3C∞±€€[10;2H[0;33m‹€€€€€€€€€€€€€[1;34m∞±€€[0;33m€€±€[1;34m∞±€€[0;33m€[1;34m∞±€€[4C∞±€€[C∞±€€[4C∞±€€[C∞±€€∞±€€[5C∞±€€€€€€€[11H[0;33m€€€[1;37;43m€€[0;33;40m€€€€∞€€€€€[1;34m∞±€€€€€€€€€[0;33m€€[s
[u[1;34m∞±€€[0;33m€[3C[1;34m∞±€€[C∞±€€[9C∞±€€€€€€[8C∞±€€[12;2H[0;33mﬂ€€€€≤€€€€€∞€€[1;34m∞±€€[0;33m€[1;34m∞±€€[0;33m€€∞€[1;34m∞±€€[4C∞±€€[C∞±€€[9C∞±€€[C∞±€€[7C∞±€€[13;4H[0;33mﬂ€€€€€€€€€€€[1;34m∞±€€[0;33m€€[1;34m∞±€€[0;33m€€ﬂ[C[s
[u[1;34m∞±€€[2C∞±€€[3C∞±€€[2C∞±€€[2C∞±€€[2C∞±€€[6C∞±€€[14;6H[0;33mﬁ∞∞∞∞∞∞∞∞∞[1;34m∞±€€[0;33m∞∞∞[1;34m∞±€€[4C∞±€€€€€€[5C∞±€€€€€€[3C∞±€€[3C∞±€€[5C∞±€€[15;6H[0;33mﬁ∞∞∞∞∞∞∞∞∞∞∞∞∞∞∞∞∞∞∞∞[16;8H∞∞∞∞∞∞∞∞∞∞∞∞∞∞∞∞∞∞[3C[1;34m∞±€€€€€€€€[4C∞[s
[u±€€€€€€[6C∞±€€€€[4C∞±€€€€€€€[17;11H[0;33m∞∞∞∞∞∞∞∞∞∞∞∞[5C[1;34m∞±€€[4C∞±€€[2C∞±€€[2C∞±€€[3C∞±€€[2C∞±€€[2C∞±€€[2C∞±€€[18;11H[0;33m∞∞∞∞∞∞∞∞∞∞∞∞[5C[1;34m∞±€€[4C∞±€€[C∞±€€[4C∞±€€[C∞±€€[4C∞±€€[C∞±€€[3C∞±€€[19;11H[0;33m∞∞∞∞∞∞∞∞∞∞∞[s
[u∞[5C[1;34m∞±€€€€€€€€€[2C∞±€€[4C∞±€€[C∞±€€€€€€€€€€[C∞±€€[3C∞±€€[20;11H[0;33m∞∞∞∞∞∞∞∞∞∞∞∞[5C[1;34m∞±€€[C∞±€€[4C∞±€€[4C∞±€€[C∞±€€[4C∞±€€[C∞±€€[3C∞±€€[21;11H[0;33m∞∞∞∞∞∞∞∞∞∞∞∞[5C[1;34m∞±€€[2C∞±€€[4C∞±€€[2C∞±€€[2C∞±€€[4C∞±€€[C[s
[u∞±€€[2C∞±€€[22;11H[0;33m∞∞∞∞∞∞∞∞∞∞∞∞[5C[1;34m∞±€€[3C∞±€€[4C∞±€€€€€€[3C∞±€€[4C∞±€€[C∞±€€€€€€€[23;6H[0m
