[40m[2J[0;1;34;40mWelcome to ...[2H[3H     [31m∞±€€€€€€€€     ∞±€€€€€€[6C∞±€€€€€€    ∞±€€  ∞±€€€ ∞±€€     ∞±€€[4H    [0;31m∞±€€    ∞±€€   ∞±€€  ∞±€€    ∞±€€  ∞±€€   ∞±€€ ∞±€€    ∞±€€   ∞±€€[5H    [1;31m∞±€€    ∞±€€  ∞±€€    ∞±€€  ∞±€€    ∞±€[s
[u€  ∞±€€∞±€€[6C∞±€€€€€€€[6H    [0;31m∞±€€€€€€€€€   ∞±€€    ∞±€€  ∞±€€[10C∞±€€€€€€[9C∞±€€[7H    [1;31m∞±€€ ∞±€€     ∞±€€    ∞±€€  ∞±€€[10C∞±€€ ∞±€€[8C∞±€€[8H    [0;31m∞±€€  ∞±€€     ∞±€€  ∞±€€    ∞±€€  ∞±€€   ∞±€€  ∞±€€[7C∞±€€[9H    [s
[u[1;31m∞±€€   ∞±€€     ∞±€€€€€€[6C∞±€€€€€€    ∞±€€   ∞±€€[6C∞±€€[10H[11H[10C∞±€€€€€€€€     ∞±€€€€€€[7C∞±€€€€     ∞±€€€€€€€[12H[9C[0;31m∞±€€    ∞±€€   ∞±€€  ∞±€€    ∞±€€  ∞±€€   ∞±€€  ∞±€€[13H[9C[1;31m∞±€€    ∞±€€  ∞±€€    ∞±€€  ∞±€€    ∞[s
[u±€€  ∞±€€   ∞±€€[14H[9C[0;31m∞±€€€€€€€€€   ∞±€€    ∞±€€  ∞±€€€€€€€€€€  ∞±€€   ∞±€€[15H[9C[1;31m∞±€€ ∞±€€     ∞±€€    ∞±€€  ∞±€€    ∞±€€  ∞±€€   ∞±€€[16H[9C[0;31m∞±€€  ∞±€€     ∞±€€  ∞±€€   ∞±€€    ∞±€€  ∞±€€  ∞±€€[17H[9C[1;31m∞±€€   ∞±€€[s
[u     ∞±€€€€€€    ∞±€€    ∞±€€  ∞±€€€€€€€[18H[19H[18C[34mOpus 1.03a[9C(WOCy Woad to you!)[20H[21H    Node - 141/740[10C203-791-8838[11CSysop - Gary Snider[22H[23H[0m
