

[40m[2J[40m   [0;1;37mзбббббббббббббббббббббббббббббббббббббббббббббббббббббббббббббббббб©[2H   цееееееееееееееееееееееееееееееееееееееееееееееееееееееееееееееееее╢[3H   цеееееееееееееееееее ъъшъъеееееееееееееееееееееееееееееееееееееееее╢[4H   ц[s
[uеееееееееееееееееееее шее шээше шъъеееееееееееееееееееееееееееееее╢[5H   цеееееееееееееееееееее шее ше ше шъееееееееееееееееееееееееееееееее╢[6H   цеееееееееееееееееееее ъее ъе ъе ъъъеееееееееееееееееееееееееееееее╢[7H   цееееееееееееееееееееееее[s
[uееееееееееееееееееееееееееееееееееееееееее╢[8H   цееееееееееееееъъшъъъэеееееееееееееееееееееееееееееееееееееееееееее╢[9H   цеееееееееееееее шее шеееееееееееееееееееееееееееееееееееееееееееее╢[10H   цеееееееееееееее шъъъэц шеее шъъъше шъъъе ш эъее[s
[uеееееееееееееееееее╢[11H   цеееееееееееееее шеееше шеее шъъъше шееее шъэееееееееееееееееееееее╢[12H   цееееееееееееееъъъъъъее ъъъъ ъеееъе ъъъъе ъееъеееееееееееееееееееее╢[13H   цееееееееееееееееееееееееееееееееееееееееееееееееееееееееееееееееее╢
[14H   цееееееее шъъъъъеееееееееееееееееееееееееееееееъъъъъъъъееееееееееее╢[15H   цееееееее шееееееееееееееееееееееееееееееееееееее шшеееееееееееееее╢[16H   цееееееее ъъъъъше шэеше шъъъше ш эъе шъъеееееееее шшеееееееееееееее╢[17H   цееееееееееееееш[s
[uе шещше шъъъше шъэее шъееееееееее ъъеееееееееееееее╢[18H   цееееееее ъъъъъъе ъеъъе ъеееъе ъееъе ъъъеееееееъъъъъъъъееееееееееее╢[19H   цееееееееееееееееееееееееееееееееееееееееееееееееееееееееееееееееее╢[20H   цееееееееееееееещ   SYSOP :   Barbe N[s
[uoire   чееееееееееееееееееееее╢[21H   юааааааааааааааааааааааааааааааааааааааааааааааааааааааааааааааааааы[22H[23H[0m
