[40m[2J[0;1;33;40mWelcome to ...[11;4H [0;32m∞∞∞[6C∞[35C ∞[12;2H∞ ∞∞∞∞∞ ∞   ∞∞ ∞    ∞         ∞    ∞  ∞   ∞∞    ∞∞ ∞  ∞[13H∞∞∞∞∞∞∞∞∞∞∞∞ ∞∞∞∞    ∞∞    ∞   ∞∞  ∞∞ ∞∞∞∞∞∞∞∞∞ ∞∞∞∞∞ ∞∞∞   ∞[14H∞∞∞∞∞∞∞∞∞∞∞∞∞∞∞∞∞∞ ∞ ∞∞∞∞ ∞∞∞ ∞∞∞∞∞∞∞∞∞∞∞∞∞∞∞∞∞∞∞∞∞∞∞∞[s
[u∞∞∞∞ ∞∞∞   ∞ [30;43m€[32;40m∞ ∞  ∞[15H∞∞∞∞≤≤≤≤≤≤≤≤≤≤∞∞∞∞∞∞∞∞∞∞∞∞∞∞∞∞∞∞∞∞∞∞∞∞∞∞≤≤≤≤≤≤∞∞∞∞∞∞∞∞∞∞∞∞∞∞∞∞∞  ∞ ∞∞∞∞ ∞∞[16H≤≤≤≤≤≤≤≤≤≤≤≤≤≤≤≤∞∞∞∞∞∞∞∞∞∞∞∞∞∞∞∞∞∞∞∞≤≤≤≤≤≤≤≤≤≤≤≤≤≤≤≤≤≤≤≤≤∞∞∞∞∞∞∞∞∞∞∞∞∞∞∞∞∞[17H≤≤≤≤≤≤≤≤≤≤≤≤≤≤≤≤≤≤∞∞∞∞∞∞∞∞≤≤≤≤≤≤≤≤≤≤≤≤≤≤≤≤≤≤≤≤≤≤≤≤[s
[u≤≤≤≤≤≤≤≤∞∞∞∞∞∞∞∞∞∞∞∞∞∞∞∞[18H±±±±±±±±±±±≤≤≤≤≤≤≤≤≤≤≤≤≤≤≤≤≤≤≤≤≤≤≤≤≤≤≤≤≤≤≤≤≤≤≤≤≤≤≤≤≤≤≤≤≤≤≤≤≤≤≤≤≤≤≤≤≤≤≤≤∞∞∞[19H±±±±±±±±±±±±±±±±±±±±±±±±±±±±±±±±±±±±±±±±±±±±±±±±±±≤≤≤≤≤≤≤≤≤≤≤≤≤≤≤≤≤≤≤≤≤≤≤≤[20H±±±±±±±±±±±±±±±±±±±±±±±±±±±±±±±±±±±±±±±±±±±±±±±±±±±±±±±±±±±±±±[s
[u±±±≤≤≤≤≤≤≤≤≤[21H  [1;33mWilton Woods            1-203-762-8481              Sysop - John Alton  [17;21H[0;33m∞∞∞∞[36C±∞[3C∞∞[16;22H±∞[6C±±±∞∞∞∞[24C±∞[3C∞∞[15;22H±∞[7C±∞[2C∞∞[15C∞∞∞[6C±∞[2C±±∞[14;7H±±[3C∞∞[8C±∞[7C±∞[8C±±∞∞[6C±±∞[s
[u∞∞[5C±∞ ±±±∞[13;7H±±∞[32m∞[33m∞∞∞[5C [32m›€[33m±∞[32m≤ﬁ[5C[33m±∞[9C±∞[6C±±±[32m∞[33m∞∞∞[3C[32mﬁ[33m±∞±± ±∞[32m±[12;7H[33m±∞∞∞∞±∞[4C [32m€€€[33m±∞[32m±≤ﬁ › €[33m±∞[32m±€[7C[33m±∞[4C[32m›€[33m±±[3C±∞[32m± €€[33m±±± [s
[u[32m›[33m±∞[32m±ﬁﬁ [11;7H[33m±∞ ∞ ±∞[4C[32m€€€[33m±±±∞[32m±≤€€ €[33m±∞∞[32m±›     €[33m±∞[32m€   €€[33m±±[32m›±≤[33m±∞[32m±ﬁ€≤[33m±±[32m≤ €[33m±∞[32m±±≤€[10;5H €[33m±∞   ±∞[32m€ﬁ   €€€±€±≤€€€€[33m±±±±[32m±≤   ﬂﬁ€[33m±∞[s
[u[32m±≤ﬂ  €[33m±±±[32m±[33m±±∞[32m±≤€€≤± €≤€≤±≤€[9;4H €±[33m±∞[32m› ›[33m±∞[32m€±€  ›€€€€≤€€ﬁ‹€≤±€€≤±€ €€[33m±[32m€[33m±∞[32m±[33m±[32m≤€ €€€[33m±±±[32m≤€≤  €€ﬁ  ›€€€€[8;4H€€≤[33m±∞[32m± €[33m±∞[32m±≤≤€   ‹€€€ﬁ   €€€€≤€ › €≤[s
[u[33m±±±±±±[32m±€  €€€≤±±€    €    ›€ﬁ  [7;4H€€€≤±€ﬁ€€€≤≤€€    ‹ﬁ     ›‹ﬁ€€ﬁ    €€€≤±€≤±   ›€€€€‹ﬁ    ›     ﬁ[6;5H≤€€€  ›€≤€€€‹›             ››      €€€≤€€ﬁ     €€[5;5H›‹€ﬁ   ›‹€‹                        ›€€€€       ﬁ‹    [4;6H ﬁ                [s
[u                 ›‹›ﬁ    [22H [1A[0m
