[40m[2J[0;1;33;44mÉËÑÑÑÑÑÑÑÑÑÑÑÑÑÑÑÑÑÑÑÑÑÑÑÑÑÑÑÑ[31;42mDare You Enter the[33;44mÑÑÑÑÑÑÑÑÑÑÑÑÑÑÑÑÑÑÑÑÑÑÑÑÑÑÑÑÑÑË»ÌÎÏÏÏÏÏÏÏÏÏÏÏÏÏÏÏÏÏÏÏÏÏÏÏÏÏÏÏÏÏÏÏÏÏÏÏÏÏÏÏÏÏÏÏÏÏÏÏÏÏÏÏÏÏÏÏÏÏÏÏÏÏÏÏÏÏÏÏÏÏÏÏÏÏÏÏÏÎ¹ºº   ÖÒ·Ö ·ÖÄ·   ÖÒ·ÖÄ·ÖÒ·ÖÄ·Ö  ÖÄ·   ÖÄ·ÖÄ·   ÖÒ·[40m[s
[u[44mÖ ·ÖÄ·   ÒÄ·ÖÄ·ÖÄ·ÒÄ·ÖÄ·    ºººº    º ÇÄ¶ÇÄ     º ÇÄ ºººÇÄ½º  ÇÄ    º ºÇÄ     º ÇÄ¶ÇÄ    º ºº ºº ºÇÒ½ÓÄ·    ºººº    ½ Ó ½ÓÄ½    ½ ÓÄ½ÓÓÓÓ  ÓÄ½ÓÄ½   ÓÄ½Ó      ½ Ó ½ÓÄ½   ÐÄ½ÓÄ½ÓÄ½½Ó½ÓÄ½    ººÈÊÍÍÍÍÍÍÍÍÍÍÍÍÍÍÍÍÍÍÍÍÍÍÍÑÑÑÑÑÑÑÑÑÑÑÑÑÑÑÑÑÑÑÑÑÑÑÑ[40m[s
[u[44mÑÑÑÑÑÍÍÍÍÍÍÍÍÍÍÍÍÍÍÍÍÍÍÍÍÍÍÍÍÊ¼[30m±±±±±±±±±±±±±±±±±±±±±±±±±±[33mÝ[0;34;43mÜÜÜÜÜÜÜÜÜÜÜÜÜÜÜÜÜÜÜÜÜÜÜÜÜ[1;33;44mÞ[30m±±±±±±±±±±±±±±±±±±±±±±±±±±±±±±±±±±±±±±±±±±±±±±±±±±±±±[33mÝ[0;34;43mÜÜÜÜÜÜÜ[1;31mÜ[40mÛÛÛÛÛÛÛÛÛ[43mÜ[0;34;43mÜÜÜÜÜÜ[40m[s
[u[43mÜ[1;33;44mÞ[30m±±±±±±±±±±±±±±±±±±±±±±±±±±±±±±±±±±±±±±±±±±±±±±±±±±±±±[33mÝ[0;34;43mÜÜÜÜÜ[1;31mÜ[40mÛÛß[37mÜÜÜÜÜÜÜ[31mßÛÛ[43mÜ[0;34;43mÜÜÜÜÜ[1;33;44mÞ[30m±±±±±±±±±±±±±±±±±±±±±±±±±±±±±±±±±±±±±±±±±±±±±±±±±±±±±[33mÝ[0;34;43mÜÜÜÜ[s
[u[1;31;40mÛÛß[37mÜÛÛÝÛÛÛÝÛÛÜ[31mßÛÛ[0;34;43mÜÜÜÜ[1;33;44mÞ[30m±±±±±±±±±±±±±±±±±±±±±±±±±±±±±±±±±±±±±±±±±±±±±±±±±±±±±[33mÝ[0;34;43mÜÜÜÜ[1;31;40mÛÝ[37mÛÝÛÛÝÛÛÛÝÛÛÝÛ[31mÞÛ[0;34;43mÜÜÜÜ[1;33;44mÞ[30m±±±±±±±±±±±±±±±±±±±±±±±±±±±±±±±±±[40m[s
[u[41m ÜÜÜÜÜÜÜÜÜÜÜÜÜ [44m±±±±±[33mÝ[0;34;43mÜÜÜÜ[1;31;40mÛ[37mÞÛÝÛÛÝÛÛÛÝÛÛÝÛÝ[31mÛ[0;34;43mÜÜÜÜ[1;33;44mÞ[30m±±±±±[41m ÜÜÜÜÜÜÜÜÜÜÜÜÜ [44m±±±±±±±±±±±±±[41mÞ[40mÛßßßßßßßßßßßÛ[41mÝ[44m±±±±±[33mÝ[0;34;43mÜÜÜÜ[1;31;40mÛ[37mÞÜÝÜÜÝÜÜÜÝÜÜÝ[s
[uÜÝ[31mÛ[0;34;43mÜÜÜÜ[1;33;44mÞ[30m±±±±±[41mÞÛ[40mßßßßßßßßßßß[41mÛÝ[44m±±±±±±±±±±±±±[41mÞ[40mÝ[31mWolfSystems[30mÞ[41mÝ[44m±±±±±[33mÝ[0;34;43mÜÜÜÜ[1;31;40mÛ[37mÞÛÝÛÛÝÛÛÛÝÛÛÝÛÝ[31mÛ[0;34;43mÜÜÜÜ[1;33;44mÞ[30m±±±±±[41mÞ[40mÝ[s
[u[31mWolfSystems[30mÞ[41mÝ[44m±±±±±±±±±±±±±[41mÞ[40mÛÜÜÜÜÜÜÜÜÜÜÜÛ[41mÝ[44m±±±±±[33mÝ[0;34;43mÜÜÜÜ[1;31;40mÛ[37mÞÛÝÛÛÝÛÛÛÝÛÛÝÛÝ[31mÛ[0;34;43mÜÜÜÜ[1;33;44mÞ[30m±±±±±[41mÞÛ[40mÜÜÜÜÜÜÜÜÜÜÜ[41mÛÝ[44m±±±±±±±±±±±±±[41m ßßßßßßßßßßßß[40m[s
[u[41mß [44m±±±±±[33mÝ[0;34;43mÜÜÜÜ[1;31;40mÛ[37mÞÜÝÜÜÝÜÜÜÝÜÜÝÜÝ[31mÛ[0;34;43mÜÜÜÜ[1;33;44mÞ[30m±±±±±[41m ßßßßßßßßßßßßß [44m±±±±±±±±±±±±±±±±±±±±±±±±±±±±±±±±±[33mÝ[0;34;43mÜÜÜÜ[1;31;40mÛ[37mÞ[0;32mþ[1;37mÝÛÛÝÛÛÛÝÛÛÝÛÝ[31mÛ[40m[s
[u[0;34;43mÜÜÜÜ[1;33;44mÞ[30m±±±±±±±±±±±±±±±±±±±±±±±±±±±±±±±±±±±±±±±±±±±±±±±±±±±±±[33mÝ[0;33;44mß[34;43mÜÜÜ[1;31;40mÛ[37mÞÛÝÛÛÝÛÛÛÝÛÛÝÛÝ[31mÛ[0;34;43mÜÜÜÜ[1;33;44mÞ[30m±±±±±±±±±±±±±±±±±±±±±±±±±±±±±±±±±±±±±±±±±±±±±±±±±±±±±[33mÝ[40m[s
[u[0;34;43mÜÜÜÜ[1;31;40mÛ[37mÞÜÝÜÜÝÜÜÜÝÜÜÝÜÝ[31mÛ[0;34;43mÜÜÜÜ[1;33;44mÞ[30m±±±±±±±±±±±±±±±±±±±±±±±±±±±±±±±±±±±±±±±±±±±±±±±±±±±±±[33mÝ[0;34;43mÜÜÜÜ[1;31;40mÛ[37mÞÛÝÛÛÝÛÛÛÝÛÛÝÛÝ[31mÛ[0;34;43mÜÜÜÜ[1;33;44mÞ[30m±±±±±±±±±±±±±±±±±±±±±±±[40m[s
[u[44m±±±±±±±±±±±±±±±±±±±±±±±±±±±±±±[33mÝ[0;34;43mÜÜÜÜ[1;31;40mÛ[37mÞÛÝÛÛÝÛÛÛÝÛÛÝÛÝ[31mÛ[0;34;43mÜÜÜÜ[1;33;44mÞ[30m±±±±±±±±±±±±±±±±±±±±±±±±±±±±±±±±±±±±±±±±±±±±±±±±±±±±±[33mÝ[0;34;43mÜÜÜÜ[1;31;40mÛ[37mÞÛÝÛÛÝÛÛÛÝÛÛÝÛÝ[31mÛ[0;34;43mÜÜ[40m[s
[u[43mÜÜ[1;33;44mÞ[30m±±±±±±±±±±±±±±±±±±±±±±±±±±±±±±±±±±±±±±±±±±±±±±±±±±±±±[33mÝ[0;34;43mÜÜÜÜ[1;31;40mÛ[37mÞÜÝÜÜÝÜÜÜÝÜÜÝÜÝ[31mÛ[0;34;43mÜÜÜÜ[1;33;44mÞ[30m±±±±±±±±±±±±±±±±±±±±±±±±±±±[0m